// Jest Snapshot v1, https://goo.gl/fbAQLP

exports[`Banner renders the component 1`] = `
<div
  class="MuiPaper-root MuiPaper-elevation1 MuiPaper-rounded"
>
  <div
    class="MuiContainer-root MuiContainer-maxWidthMd"
  >
    <div
      class="MuiBox-root MuiBox-root-4"
    >
      <div
        class="MuiGrid-root MuiGrid-container MuiGrid-spacing-xs-2 MuiGrid-wrap-xs-nowrap MuiGrid-align-items-xs-flex-start"
      >
        <div
          class="MuiGrid-root MuiGrid-item"
        >
          <svg
            aria-hidden="true"
            class="MuiSvgIcon-root MuiSvgIcon-colorPrimary"
            focusable="false"
            viewBox="0 0 24 24"
          >
            <path
              d="M12 2C6.48 2 2 6.48 2 12s4.48 10 10 10 10-4.48 10-10S17.52 2 12 2zm1 15h-2v-6h2v6zm0-8h-2V7h2v2z"
            />
          </svg>
        </div>
        <div
          class="MuiGrid-root MuiGrid-item"
        >
          <p
            class="MuiTypography-root makeStyles-title-1 MuiTypography-body1 MuiTypography-colorPrimary"
          >
            settings.betaBanner.title
          </p>
          <p
            class="MuiTypography-root makeStyles-subtitle-2 MuiTypography-body1"
          >
            settings.betaBanner.message
          </p>
        </div>
      </div>
      <div
        class="MuiGrid-root MuiGrid-container MuiGrid-spacing-xs-8 MuiGrid-justify-xs-flex-end"
      >
        <div
          class="MuiGrid-root MuiGrid-item"
        >
          <button
            class="MuiButtonBase-root MuiButton-root MuiButton-text makeStyles-button-3 MuiButton-textPrimary"
            tabindex="0"
            type="button"
          >
            <span
              class="MuiButton-label"
            >
              settings.betaBanner.action
            </span>
            <span
              class="MuiTouchRipple-root"
            />
          </button>
        </div>
      </div>
    </div>
  </div>
</div>
`;
