// Jest Snapshot v1, https://goo.gl/fbAQLP

exports[`Banner renders the component 1`] = `
<div
  class="MuiPaper-root MuiPaper-elevation1 MuiPaper-rounded"
>
  <div
    class="MuiContainer-root MuiContainer-maxWidthMd"
  >
    <div
      class="MuiBox-root MuiBox-root-5"
    >
      <div
        class="MuiGrid-root MuiGrid-container MuiGrid-spacing-xs-2 MuiGrid-wrap-xs-nowrap MuiGrid-align-items-xs-flex-start"
      >
        <div
          class="MuiGrid-root MuiGrid-item"
        >
          <div
            class="MuiAvatar-root MuiAvatar-circle makeStyles-icon-3 MuiAvatar-colorDefault"
          >
            <svg
              aria-hidden="true"
              class="MuiSvgIcon-root"
              focusable="false"
              viewBox="0 0 24 24"
            >
              <path
                d="M1 21h22L12 2 1 21zm12-3h-2v-2h2v2zm0-4h-2v-4h2v4z"
              />
            </svg>
          </div>
        </div>
        <div
          class="MuiGrid-root MuiGrid-item"
        >
          <p
            class="MuiTypography-root makeStyles-title-1 MuiTypography-body1 MuiTypography-colorSecondary"
          >
            settings.betaBanner.title
          </p>
          <p
            class="MuiTypography-root makeStyles-subtitle-2 MuiTypography-body1"
          >
            settings.betaBanner.message
          </p>
        </div>
      </div>
      <div
        class="MuiGrid-root MuiGrid-container MuiGrid-spacing-xs-8 MuiGrid-justify-xs-flex-end"
      >
        <div
          class="MuiGrid-root MuiGrid-item"
        >
          <button
            class="MuiButtonBase-root MuiButton-root MuiButton-contained makeStyles-button-4 MuiButton-containedPrimary"
            tabindex="0"
            type="button"
          >
            <span
              class="MuiButton-label"
            >
              settings.betaBanner.action
            </span>
            <span
              class="MuiTouchRipple-root"
            />
          </button>
        </div>
      </div>
    </div>
  </div>
</div>
`;
